[    0.000000] Linux version 4.15.0-121-generic (buildd@lgw01-amd64-034) (gcc version 7.5.0 (Ubuntu 7.5.0-3ubuntu1~18.04)) #123-Ubuntu SMP Mon Oct 5 16:16:40 UTC 2020 (Ubuntu 4.15.0-121.123-generic 4.15.18)
[    0.000000] Command line: BOOT_IMAGE=/boot/vmlinuz-4.15.0-121-generic root=LABEL=cloudimg-rootfs ro console=tty1 console=ttyS0
[    0.000000] KERNEL supported cpus:
[    0.000000]   Intel GenuineIntel
[    0.000000]   AMD AuthenticAMD
[    0.000000]   Centaur CentaurHauls
[    0.000000] x86/fpu: Supporting XSAVE feature 0x001: 'x87 floating point registers'
[    0.000000] x86/fpu: Supporting XSAVE feature 0x002: 'SSE registers'
[    0.000000] x86/fpu: Supporting XSAVE feature 0x004: 'AVX registers'
[    0.000000] x86/fpu: xstate_offset[2]:  576, xstate_sizes[2]:  256
[    0.000000] x86/fpu: Enabled xstate features 0x7, context size is 832 bytes, using 'standard' format.
[    0.000000] e820: BIOS-provided physical RAM map:
[    0.000000] BIOS-e820: [mem 0x0000000000000000-0x000000000009fbff] usable
[    0.000000] BIOS-e820: [mem 0x000000000009fc00-0x000000000009ffff] reserved
[    0.000000] BIOS-e820: [mem 0x00000000000f0000-0x00000000000fffff] reserved
[    0.000000] BIOS-e820: [mem 0x0000000000100000-0x000000003ffeffff] usable
[    0.000000] BIOS-e820: [mem 0x000000003fff0000-0x000000003fffffff] ACPI data
[    0.000000] BIOS-e820: [mem 0x00000000fec00000-0x00000000fec00fff] reserved
[    0.000000] BIOS-e820: [mem 0x00000000fee00000-0x00000000fee00fff] reserved
[    0.000000] BIOS-e820: [mem 0x00000000fffc0000-0x00000000ffffffff] reserved
[    0.000000] NX (Execute Disable) protection: active
[    0.000000] SMBIOS 2.5 present.
[    0.000000] DMI: innotek GmbH VirtualBox/VirtualBox, BIOS VirtualBox 12/01/2006
[    0.000000] Hypervisor detected: KVM
[    0.000000] e820: last_pfn = 0x3fff0 max_arch_pfn = 0x400000000
[    0.000000] MTRR: Disabled
[    0.000000] x86/PAT: MTRRs disabled, skipping PAT initialization too.
[    0.000000] CPU MTRRs all blank - virtualized system.
[    0.000000] x86/PAT: Configuration [0-7]: WB  WT  UC- UC  WB  WT  UC- UC  
[    0.000000] found SMP MP-table at [mem 0x0009fff0-0x0009ffff]
[    0.000000] Scanning 1 areas for low memory corruption
[    0.000000] RAMDISK: [mem 0x35a63000-0x36d28fff]
[    0.000000] ACPI: Early table checksum verification disabled
[    0.000000] ACPI: RSDP 0x00000000000E0000 000024 (v02 VBOX  )
[    0.000000] ACPI: XSDT 0x000000003FFF0030 00003C (v01 VBOX   VBOXXSDT 00000001 ASL  00000061)
[    0.000000] ACPI: FACP 0x000000003FFF00F0 0000F4 (v04 VBOX   VBOXFACP 00000001 ASL  00000061)
[    0.000000] ACPI: DSDT 0x000000003FFF0470 002325 (v02 VBOX   VBOXBIOS 00000002 INTL 20100528)
[    0.000000] ACPI: FACS 0x000000003FFF0200 000040
[    0.000000] ACPI: FACS 0x000000003FFF0200 000040
[    0.000000] ACPI: APIC 0x000000003FFF0240 00005C (v02 VBOX   VBOXAPIC 00000001 ASL  00000061)
[    0.000000] ACPI: SSDT 0x000000003FFF02A0 0001CC (v01 VBOX   VBOXCPUT 00000002 INTL 20100528)
[    0.000000] No NUMA configuration found
[    0.000000] Faking a node at [mem 0x0000000000000000-0x000000003ffeffff]
[    0.000000] NODE_DATA(0) allocated [mem 0x3ffc5000-0x3ffeffff]
[    0.000000] kvm-clock: cpu 0, msr 0:3ff44001, primary cpu clock
[    0.000000] kvm-clock: Using msrs 4b564d01 and 4b564d00
[    0.000000] kvm-clock: using sched offset of 3661757896 cycles
[    0.000000] clocksource: kvm-clock: mask: 0xffffffffffffffff max_cycles: 0x1cd42e4dffb, max_idle_ns: 881590591483 ns
[    0.000000] Zone ranges:
[    0.000000]   DMA      [mem 0x0000000000001000-0x0000000000ffffff]
[    0.000000]   DMA32    [mem 0x0000000001000000-0x000000003ffeffff]
[    0.000000]   Normal   empty
[    0.000000]   Device   empty
[    0.000000] Movable zone start for each node
[    0.000000] Early memory node ranges
[    0.000000]   node   0: [mem 0x0000000000001000-0x000000000009efff]
[    0.000000]   node   0: [mem 0x0000000000100000-0x000000003ffeffff]
[    0.000000] Reserved but unavailable: 98 pages
[    0.000000] Initmem setup node 0 [mem 0x0000000000001000-0x000000003ffeffff]
[    0.000000] ACPI: PM-Timer IO Port: 0x4008
[    0.000000] IOAPIC[0]: apic_id 2, version 32, address 0xfec00000, GSI 0-23
[    0.000000] ACPI: INT_SRC_OVR (bus 0 bus_irq 0 global_irq 2 dfl dfl)
[    0.000000] ACPI: INT_SRC_OVR (bus 0 bus_irq 9 global_irq 9 low level)
[    0.000000] Using ACPI (MADT) for SMP configuration information
[    0.000000] smpboot: Allowing 2 CPUs, 0 hotplug CPUs
[    0.000000] PM: Registered nosave memory: [mem 0x00000000-0x00000fff]
[    0.000000] PM: Registered nosave memory: [mem 0x0009f000-0x0009ffff]
[    0.000000] PM: Registered nosave memory: [mem 0x000a0000-0x000effff]
[    0.000000] PM: Registered nosave memory: [mem 0x000f0000-0x000fffff]
[    0.000000] e820: [mem 0x40000000-0xfebfffff] available for PCI devices
[    0.000000] Booting paravirtualized kernel on KVM
[    0.000000] clocksource: refined-jiffies: mask: 0xffffffff max_cycles: 0xffffffff, max_idle_ns: 7645519600211568 ns
[    0.000000] random: get_random_bytes called from start_kernel+0x99/0x500 with crng_init=0
[    0.000000] setup_percpu: NR_CPUS:8192 nr_cpumask_bits:2 nr_cpu_ids:2 nr_node_ids:1
[    0.000000] percpu: Embedded 45 pages/cpu s147456 r8192 d28672 u1048576
[    0.000000] PV qspinlock hash table entries: 256 (order: 0, 4096 bytes)
[    0.000000] Built 1 zonelists, mobility grouping on.  Total pages: 257913
[    0.000000] Policy zone: DMA32
[    0.000000] Kernel command line: BOOT_IMAGE=/boot/vmlinuz-4.15.0-121-generic root=LABEL=cloudimg-rootfs ro console=tty1 console=ttyS0
[    0.000000] Memory: 983024K/1048120K available (12300K kernel code, 2482K rwdata, 4272K rodata, 2436K init, 2724K bss, 65096K reserved, 0K cma-reserved)
[    0.000000] SLUB: HWalign=64, Order=0-3, MinObjects=0, CPUs=2, Nodes=1
[    0.000000] Kernel/User page tables isolation: enabled
[    0.000000] ftrace: allocating 39402 entries in 154 pages
[    0.004000] Hierarchical RCU implementation.
[    0.004000] 	RCU restricting CPUs from NR_CPUS=8192 to nr_cpu_ids=2.
[    0.004000] 	Tasks RCU enabled.
[    0.004000] RCU: Adjusting geometry for rcu_fanout_leaf=16, nr_cpu_ids=2
[    0.004000] NR_IRQS: 524544, nr_irqs: 440, preallocated irqs: 16
[    0.004000] Console: colour VGA+ 80x25
[    0.004000] console [tty1] enabled
[    0.004000] console [ttyS0] enabled
[    0.004000] ACPI: Core revision 20170831
[    0.004000] ACPI: 2 ACPI AML tables successfully acquired and loaded
[    0.004000] APIC: Switch to symmetric I/O mode setup
[    0.004000] x2apic enabled
[    0.004000] Switched APIC routing to physical x2apic.
[    0.004000] ..TIMER: vector=0x30 apic1=0 pin1=2 apic2=-1 pin2=-1
[    0.004003] tsc: Detected 2207.998 MHz processor
[    0.005070] Calibrating delay loop (skipped) preset value.. 4415.99 BogoMIPS (lpj=8831992)
[    0.008004] pid_max: default: 32768 minimum: 301
[    0.009169] Security Framework initialized
[    0.009989] Yama: becoming mindful.
[    0.012019] AppArmor: AppArmor initialized
[    0.016000] Dentry cache hash table entries: 131072 (order: 8, 1048576 bytes)
[    0.016049] Inode-cache hash table entries: 65536 (order: 7, 524288 bytes)
[    0.020011] Mount-cache hash table entries: 2048 (order: 2, 16384 bytes)
[    0.021186] Mountpoint-cache hash table entries: 2048 (order: 2, 16384 bytes)
[    0.022623] Last level iTLB entries: 4KB 64, 2MB 8, 4MB 8
[    0.024002] Last level dTLB entries: 4KB 64, 2MB 0, 4MB 0, 1GB 4
[    0.025040] Spectre V1 : Mitigation: usercopy/swapgs barriers and __user pointer sanitization
[    0.026572] Spectre V2 : Mitigation: Full generic retpoline
[    0.027593] Spectre V2 : Spectre v2 / SpectreRSB mitigation: Filling RSB on context switch
[    0.028002] Speculative Store Bypass: Vulnerable
[    0.028873] SRBDS: Unknown: Dependent on hypervisor status
[    0.029836] MDS: Mitigation: Clear CPU buffers
[    0.031073] Freeing SMP alternatives memory: 36K
[    0.142158] smpboot: CPU0: Intel(R) Core(TM) i7-8750H CPU @ 2.20GHz (family: 0x6, model: 0x9e, stepping: 0xa)
[    0.144000] Performance Events: unsupported p6 CPU model 158 no PMU driver, software events only.
[    0.144025] Hierarchical SRCU implementation.
[    0.145399] NMI watchdog: Perf event create on CPU 0 failed with -2
[    0.146906] NMI watchdog: Perf NMI watchdog permanently disabled
[    0.148000] smp: Bringing up secondary CPUs ...
[    0.148066] x86: Booting SMP configuration:
[    0.148935] .... node  #0, CPUs:      #1
[    0.004000] kvm-clock: cpu 1, msr 0:3ff44041, secondary cpu clock
[    0.152015] smp: Brought up 1 node, 2 CPUs
[    0.152972] smpboot: Max logical packages: 1
[    0.156009] smpboot: Total of 2 processors activated (8831.99 BogoMIPS)
[    0.157488] devtmpfs: initialized
[    0.157488] x86/mm: Memory block size: 128MB
[    0.157951] evm: security.selinux
[    0.160002] evm: security.SMACK64
[    0.160702] evm: security.SMACK64EXEC
[    0.161573] evm: security.SMACK64TRANSMUTE
[    0.162715] evm: security.SMACK64MMAP
[    0.164005] evm: security.apparmor
[    0.164745] evm: security.ima
[    0.165610] evm: security.capability
[    0.166422] clocksource: jiffies: mask: 0xffffffff max_cycles: 0xffffffff, max_idle_ns: 7645041785100000 ns
[    0.168010] futex hash table entries: 512 (order: 3, 32768 bytes)
[    0.172019] pinctrl core: initialized pinctrl subsystem
[    0.176092] RTC time: 22:20:25, date: 12/16/20
[    0.177244] NET: Registered protocol family 16
[    0.178265] audit: initializing netlink subsys (disabled)
[    0.180034] audit: type=2000 audit(1608157230.174:1): state=initialized audit_enabled=0 res=1
[    0.181790] cpuidle: using governor ladder
[    0.181790] cpuidle: using governor menu
[    0.184044] ACPI: bus type PCI registered
[    0.184859] acpiphp: ACPI Hot Plug PCI Controller Driver version: 0.5
[    0.186185] PCI: Using configuration type 1 for base access
[    0.188207] HugeTLB registered 2.00 MiB page size, pre-allocated 0 pages
[    0.189596] ACPI: Added _OSI(Module Device)
[    0.192002] ACPI: Added _OSI(Processor Device)
[    0.192901] ACPI: Added _OSI(3.0 _SCP Extensions)
[    0.193836] ACPI: Added _OSI(Processor Aggregator Device)
[    0.194949] ACPI: Added _OSI(Linux-Dell-Video)
[    0.195938] ACPI: Added _OSI(Linux-Lenovo-NV-HDMI-Audio)
[    0.196005] ACPI: Added _OSI(Linux-HPI-Hybrid-Graphics)
[    0.197445] ACPI: Executed 1 blocks of module-level executable AML code
[    0.202990] ACPI: Interpreter enabled
[    0.204016] ACPI: (supports S0 S5)
[    0.204869] ACPI: Using IOAPIC for interrupt routing
[    0.206421] PCI: Using host bridge windows from ACPI; if necessary, use "pci=nocrs" and report a bug
[    0.208170] ACPI: Enabled 2 GPEs in block 00 to 07
[    0.216273] ACPI: PCI Root Bridge [PCI0] (domain 0000 [bus 00-ff])
[    0.217492] acpi PNP0A03:00: _OSC: OS supports [ASPM ClockPM Segments MSI]
[    0.219396] acpi PNP0A03:00: _OSC: not requesting OS control; OS requires [ExtendedConfig ASPM ClockPM MSI]
[    0.220018] acpi PNP0A03:00: fail to add MMCONFIG information, can't access extended PCI configuration space under this bridge.
[    0.224366] PCI host bridge to bus 0000:00
[    0.225220] pci_bus 0000:00: root bus resource [io  0x0000-0x0cf7 window]
[    0.226625] pci_bus 0000:00: root bus resource [io  0x0d00-0xffff window]
[    0.228002] pci_bus 0000:00: root bus resource [mem 0x000a0000-0x000bffff window]
[    0.230568] pci_bus 0000:00: root bus resource [mem 0x40000000-0xfdffffff window]
[    0.232000] pci_bus 0000:00: root bus resource [bus 00-ff]
[    0.236047] pci 0000:00:01.1: legacy IDE quirk: reg 0x10: [io  0x01f0-0x01f7]
[    0.237585] pci 0000:00:01.1: legacy IDE quirk: reg 0x14: [io  0x03f6]
[    0.239068] pci 0000:00:01.1: legacy IDE quirk: reg 0x18: [io  0x0170-0x0177]
[    0.240015] pci 0000:00:01.1: legacy IDE quirk: reg 0x1c: [io  0x0376]
[    0.255034] pci 0000:00:07.0: quirk: [io  0x4000-0x403f] claimed by PIIX4 ACPI
[    0.256023] pci 0000:00:07.0: quirk: [io  0x4100-0x410f] claimed by PIIX4 SMB
[    0.266850] ACPI: PCI Interrupt Link [LNKA] (IRQs 5 9 10 *11)
[    0.268000] ACPI: PCI Interrupt Link [LNKB] (IRQs 5 9 *10 11)
[    0.268118] ACPI: PCI Interrupt Link [LNKC] (IRQs 5 *9 10 11)
[    0.269400] ACPI: PCI Interrupt Link [LNKD] (IRQs 5 9 10 *11)
[    0.272322] SCSI subsystem initialized
[    0.273221] pci 0000:00:02.0: vgaarb: setting as boot VGA device
[    0.273297] pci 0000:00:02.0: vgaarb: VGA device added: decodes=io+mem,owns=io+mem,locks=none
[    0.276008] pci 0000:00:02.0: vgaarb: bridge control possible
[    0.277116] vgaarb: loaded
[    0.277783] ACPI: bus type USB registered
[    0.278773] usbcore: registered new interface driver usbfs
[    0.280029] usbcore: registered new interface driver hub
[    0.281101] usbcore: registered new device driver usb
[    0.282483] EDAC MC: Ver: 3.0.0
[    0.284243] PCI: Using ACPI for IRQ routing
[    0.285131] NetLabel: Initializing
[    0.285996] NetLabel:  domain hash size = 128
[    0.286973] NetLabel:  protocols = UNLABELED CIPSOv4 CALIPSO
[    0.288025] NetLabel:  unlabeled traffic allowed by default
[    0.289121] clocksource: Switched to clocksource kvm-clock
[    0.313771] VFS: Disk quotas dquot_6.6.0
[    0.314747] VFS: Dquot-cache hash table entries: 512 (order 0, 4096 bytes)
[    0.316408] AppArmor: AppArmor Filesystem Enabled
[    0.317404] pnp: PnP ACPI init
[    0.320383] pnp: PnP ACPI: found 3 devices
[    0.330916] clocksource: acpi_pm: mask: 0xffffff max_cycles: 0xffffff, max_idle_ns: 2085701024 ns
[    0.332705] NET: Registered protocol family 2
[    0.333685] TCP established hash table entries: 8192 (order: 4, 65536 bytes)
[    0.339164] TCP bind hash table entries: 8192 (order: 5, 131072 bytes)
[    0.340467] TCP: Hash tables configured (established 8192 bind 8192)
[    0.341701] UDP hash table entries: 512 (order: 2, 16384 bytes)
[    0.342849] UDP-Lite hash table entries: 512 (order: 2, 16384 bytes)
[    0.344486] NET: Registered protocol family 1
[    0.345392] pci 0000:00:00.0: Limiting direct PCI/PCI transfers
[    0.347132] pci 0000:00:01.0: Activating ISA DMA hang workarounds
[    0.348372] pci 0000:00:02.0: Video device with shadowed ROM at [mem 0x000c0000-0x000dffff]
[    0.350113] Unpacking initramfs...
[    0.730849] Freeing initrd memory: 19224K
[    0.731882] clocksource: tsc: mask: 0xffffffffffffffff max_cycles: 0x1fd3b6211b4, max_idle_ns: 440795230313 ns
[    0.733899] platform rtc_cmos: registered platform RTC device (no PNP device found)
[    0.735670] Scanning for low memory corruption every 60 seconds
[    0.737792] Initialise system trusted keyrings
[    0.738706] Key type blacklist registered
[    0.739675] workingset: timestamp_bits=36 max_order=18 bucket_order=0
[    0.741898] zbud: loaded
[    0.742998] squashfs: version 4.0 (2009/01/31) Phillip Lougher
[    0.748841] fuse init (API version 7.26)
[    0.752745] Key type asymmetric registered
[    0.753587] Asymmetric key parser 'x509' registered
[    0.754581] Block layer SCSI generic (bsg) driver version 0.4 loaded (major 246)
[    0.756201] io scheduler noop registered
[    0.757030] io scheduler deadline registered
[    0.757923] io scheduler cfq registered (default)
[    0.759202] ACPI: AC Adapter [AC] (on-line)
[    0.760092] input: Power Button as /devices/LNXSYSTM:00/LNXPWRBN:00/input/input0
[    0.761720] ACPI: Power Button [PWRF]
[    0.762567] input: Sleep Button as /devices/LNXSYSTM:00/LNXSLPBN:00/input/input1
[    0.764061] ACPI: Sleep Button [SLPF]
[    0.765942] ACPI: Battery Slot [BAT0] (battery present)
[    0.767080] Serial: 8250/16550 driver, 32 ports, IRQ sharing enabled
[    0.789040] 00:02: ttyS0 at I/O 0x3f8 (irq = 4, base_baud = 115200) is a 16550A
[    0.794414] Linux agpgart interface v0.103
[    0.796633] loop: module loaded
[    0.797818] scsi host0: ata_piix
[    0.798744] scsi host1: ata_piix
[    0.799553] ata1: PATA max UDMA/33 cmd 0x1f0 ctl 0x3f6 bmdma 0xd000 irq 14
[    0.801071] ata2: PATA max UDMA/33 cmd 0x170 ctl 0x376 bmdma 0xd008 irq 15
[    0.802781] libphy: Fixed MDIO Bus: probed
[    0.803695] tun: Universal TUN/TAP device driver, 1.6
[    0.804918] PPP generic driver version 2.4.2
[    0.806025] ehci_hcd: USB 2.0 'Enhanced' Host Controller (EHCI) Driver
[    0.807304] ehci-pci: EHCI PCI platform driver
[    0.808225] ehci-platform: EHCI generic platform driver
[    0.809366] ohci_hcd: USB 1.1 'Open' Host Controller (OHCI) Driver
[    0.810708] ohci-pci: OHCI PCI platform driver
[    0.811648] ohci-platform: OHCI generic platform driver
[    0.812696] uhci_hcd: USB Universal Host Controller Interface driver
[    0.813971] i8042: PNP: PS/2 Controller [PNP0303:PS2K,PNP0f03:PS2M] at 0x60,0x64 irq 1,12
[    0.816036] serio: i8042 KBD port at 0x60,0x64 irq 1
[    0.817094] serio: i8042 AUX port at 0x60,0x64 irq 12
[    0.818476] mousedev: PS/2 mouse device common for all mice
[    0.820383] rtc_cmos rtc_cmos: rtc core: registered rtc_cmos as rtc0
[    0.821774] rtc_cmos rtc_cmos: alarms up to one day, 114 bytes nvram
[    0.823113] input: AT Translated Set 2 keyboard as /devices/platform/i8042/serio0/input/input2
[    0.824871] i2c /dev entries driver
[    0.825745] device-mapper: uevent: version 1.0.3
[    0.826920] device-mapper: ioctl: 4.37.0-ioctl (2017-09-20) initialised: dm-devel@redhat.com
[    0.828780] ledtrig-cpu: registered to indicate activity on CPUs
[    0.830467] NET: Registered protocol family 10
[    0.835274] Segment Routing with IPv6
[    0.836137] NET: Registered protocol family 17
[    0.837160] Key type dns_resolver registered
[    0.838479] mce: Using 0 MCE banks
[    0.839252] RAS: Correctable Errors collector initialized.
[    0.840372] sched_clock: Marking stable (840360362, 0)->(1036976882, -196616520)
[    0.842394] registered taskstats version 1
[    0.843349] Loading compiled-in X.509 certificates
[    0.846192] Loaded X.509 cert 'Build time autogenerated kernel key: 517b2180bafe62ad6f81db3336688475b28504c0'
[    0.848192] zswap: loaded using pool lzo/zbud
[    0.851816] Key type big_key registered
[    0.852742] Key type trusted registered
[    0.855149] Key type encrypted registered
[    0.855993] AppArmor: AppArmor sha1 policy hashing enabled
[    0.857099] ima: No TPM chip found, activating TPM-bypass! (rc=-19)
[    0.858375] ima: Allocated hash algorithm: sha1
[    0.859392] evm: HMAC attrs: 0x1
[    0.860587]   Magic number: 0:845:350
[    0.861493] rtc_cmos rtc_cmos: setting system clock to 2020-12-16 22:20:25 UTC (1608157225)
[    0.863257] BIOS EDD facility v0.16 2004-Jun-25, 0 devices found
[    0.864543] EDD information not available.
[    0.985139] Freeing unused kernel image memory: 2436K
[    1.136183] Write protecting the kernel read-only data: 20480k
[    1.141374] Freeing unused kernel image memory: 2008K
[    1.143026] Freeing unused kernel image memory: 1872K
[    1.152295] x86/mm: Checked W+X mappings: passed, no W+X pages found.
[    1.153969] x86/mm: Checking user space page tables
[    1.161364] x86/mm: Checked W+X mappings: passed, no W+X pages found.
Loading, please wait...
starting version 237
[    1.233874] e1000: Intel(R) PRO/1000 Network Driver - version 7.3.21-k8-NAPI
[    1.235256] e1000: Copyright (c) 1999-2006 Intel Corporation.
[    1.241805] Fusion MPT base driver 3.04.20
[    1.242676] Copyright (c) 1999-2008 LSI Corporation
[    1.262140] AVX2 version of gcm_enc/dec engaged.
[    1.263096] AES CTR mode by8 optimization enabled
[    1.268667] Fusion MPT SPI Host driver 3.04.20
[    1.489361] input: ImExPS/2 Generic Explorer Mouse as /devices/platform/i8042/serio1/input/input4
[    1.772987] e1000 0000:00:03.0 eth0: (PCI:33MHz:32-bit) 02:c6:b0:25:69:cb
[    1.774343] e1000 0000:00:03.0 eth0: Intel(R) PRO/1000 Network Connection
[    1.776668] mptbase: ioc0: Initiating bringup
[    2.299815] ioc0: LSI53C1030 A0: Capabilities={Initiator}
[    5.058853] scsi host2: ioc0: LSI53C1030 A0, FwRev=00000000h, Ports=1, MaxQ=256, IRQ=20
[    6.751309] scsi 2:0:0:0: Direct-Access     VBOX     HARDDISK         1.0  PQ: 0 ANSI: 5
[    6.780221] scsi target2:0:0: Beginning Domain Validation
[    6.783658] scsi target2:0:0: Domain Validation skipping write tests
[    6.784811] scsi target2:0:0: Ending Domain Validation
[    6.785908] scsi target2:0:0: asynchronous
[    6.787483] scsi 2:0:1:0: Direct-Access     VBOX     HARDDISK         1.0  PQ: 0 ANSI: 5
[    7.084091] scsi target2:0:1: Beginning Domain Validation
[    7.087010] random: fast init done
[    7.088109] scsi target2:0:1: Domain Validation skipping write tests
[    7.089276] scsi target2:0:1: Ending Domain Validation
[    7.090303] scsi target2:0:1: asynchronous
[    7.095051] random: systemd-udevd: uninitialized urandom read (16 bytes read)
[    7.095100] sd 2:0:0:0: Attached scsi generic sg0 type 0
[    7.096572] random: systemd-udevd: uninitialized urandom read (16 bytes read)
[    7.097731] sd 2:0:1:0: Attached scsi generic sg1 type 0
[    7.098964] random: systemd-udevd: uninitialized urandom read (16 bytes read)
[    7.101581] sd 2:0:0:0: [sda] 20971520 512-byte logical blocks: (10.7 GB/10.0 GiB)
[    7.103346] sd 2:0:1:0: [sdb] 20480 512-byte logical blocks: (10.5 MB/10.0 MiB)
[    7.104926] sd 2:0:0:0: [sda] Write Protect is off
[    7.105920] sd 2:0:1:0: [sdb] Write Protect is off
[    7.107049] sd 2:0:0:0: [sda] Incomplete mode parameter data
[    7.108313] sd 2:0:0:0: [sda] Assuming drive cache: write through
[    7.109532] sd 2:0:1:0: [sdb] Incomplete mode parameter data
[    7.110693] sd 2:0:1:0: [sdb] Assuming drive cache: write through
[    7.115314]  sda: sda1
[    7.118247] sd 2:0:0:0: [sda] Attached SCSI disk
[    7.119716] sd 2:0:1:0: [sdb] Attached SCSI disk
[    7.147396] e1000 0000:00:08.0 eth1: (PCI:33MHz:32-bit) 08:00:27:dd:3c:19
[    7.150777] e1000 0000:00:08.0 eth1: Intel(R) PRO/1000 Network Connection
[    7.153440] e1000 0000:00:08.0 enp0s8: renamed from eth1
[    7.176356] e1000 0000:00:03.0 enp0s3: renamed from eth0
Begin: Loading essential drivers ... [    8.728161] raid6: sse2x1   gen()  9556 MB/s
[    8.776017] raid6: sse2x1   xor()  9557 MB/s
[    8.824762] raid6: sse2x2   gen() 16537 MB/s
[    8.872522] raid6: sse2x2   xor() 11100 MB/s
[    8.920346] raid6: sse2x4   gen() 19410 MB/s
[    8.968224] raid6: sse2x4   xor() 11538 MB/s
[    9.016016] raid6: avx2x1   gen() 24669 MB/s
[    9.064815] raid6: avx2x1   xor() 14840 MB/s
[    9.112694] raid6: avx2x2   gen() 32387 MB/s
[    9.160444] raid6: avx2x2   xor() 19228 MB/s
[    9.209278] raid6: avx2x4   gen() 36987 MB/s
[    9.256194] raid6: avx2x4   xor() 20621 MB/s
[    9.257086] raid6: using algorithm avx2x4 gen() 36987 MB/s
[    9.258147] raid6: .... xor() 20621 MB/s, rmw enabled
[    9.259090] raid6: using avx2x2 recovery algorithm
[    9.261094] xor: automatically using best checksumming function   avx       
[    9.263530] async_tx: api initialized (async)
done.
Begin: Running /scripts/init-premount ... done.
Begin: Mounting root file system ... Begin: Running /scripts/local-top ... done.
Begin: Running /scripts/local-premount ... [    9.302705] Btrfs loaded, crc32c=crc32c-intel
Scanning for Btrfs filesystems
done.
Warning: fsck not present, so skipping root file system
[    9.329726] EXT4-fs (sda1): mounted filesystem with ordered data mode. Opts: (null)
done.
Begin: Running /scripts/local-bottom ... done.
Begin: Running /scripts/init-bottom ... done.
[    9.482230] ip_tables: (C) 2000-2006 Netfilter Core Team
[    9.490382] systemd[1]: systemd 237 running in system mode. (+PAM +AUDIT +SELINUX +IMA +APPARMOR +SMACK +SYSVINIT +UTMP +LIBCRYPTSETUP +GCRYPT +GNUTLS +ACL +XZ +LZ4 +SECCOMP +BLKID +ELFUTILS +KMOD -IDN2 +IDN -PCRE2 default-hierarchy=hybrid)
[    9.494160] systemd[1]: Detected virtualization oracle.
[    9.495130] systemd[1]: Detected architecture x86-64.

Welcome to [1mUbuntu 18.04.5 LTS[0m!

[    9.521323] systemd[1]: Set hostname to <ubuntu>.
[    9.525520] systemd[1]: Initializing machine ID from random generator.
[    9.526784] systemd[1]: Installed transient /etc/machine-id file.
[    9.783723] systemd[1]: Reached target System Time Synchronized.
[[0;32m  OK  [0m] Reached target System Time Synchronized.
[    9.796916] systemd[1]: Reached target Swap.
[[0;32m  OK  [0m] Reached target Swap.
[    9.808129] systemd[1]: Started Forward Password Requests to Wall Directory Watch.
[[0;32m  OK  [0m] Started Forward Password Requests to Wall Directory Watch.
[    9.820932] systemd[1]: Reached target User and Group Name Lookups.
[[0;32m  OK  [0m] Reached target User and Group Name Lookups.
[[0;32m  OK  [0m] Created slice User and Session Slice.
[[0;32m  OK  [0m] Created slice System Slice.
[[0;32m  OK  [0m] Listening on LVM2 metadata daemon socket.
[[0;32m  OK  [0m] Created slice system-serial\x2dgetty.slice.
[[0;32m  OK  [0m] Listening on Journal Socket.
[[0;32m  OK  [0m] Reached target Slices.
         Starting Uncomplicated firewall...
[[0;32m  OK  [0m] Listening on udev Kernel Socket.
         Starting Set the console keyboard layout...
[[0;32m  OK  [0m] Listening on Journal Socket (/dev/log).
[[0;32m  OK  [0m] Listening on Journal Audit Socket.
         Mounting Kernel Debug File System...
         Starting Remount Root and Kernel File Systems...
         Mounting Huge Pages File System...
[    9.970080] EXT4-fs (sda1): re-mounted. Opts: (null)
[[0;32m  OK  [0m] Listening on udev Control Socket.
         Starting udev Coldplug all Devices...
         Starting Create list of required stâ€¦ce nodes for the current kernel...
[[0;32m  OK  [0m] Listening on LVM2 poll daemon socket.
[[0;32m  OK  [0m] Set up automount Arbitrary Executabâ€¦rmats File System Automount Point.
[[0;32m  OK  [0m] Listening on Device-mapper event daemon FIFOs.
         Starting Monitoring of LVM2 mirrorsâ€¦ng dmeventd or progress polling...
[[0;32m  OK  [0m] Listening on /dev/initctl Compatibility Named Pipe.
         Mounting POSIX Message Queue File System...
[[0;32m  OK  [0m] Listening on Syslog Socket.
         Starting Journal Service...
         Starting Load Kernel Modules...
[[0;32m  OK  [0m] Listening on Network Service Netlink Socket.
[[0;32m  OK  [0m] Started Uncomplicated firewall.
[[0;32m  OK  [0m] Started Set the console keyboard layout.
[[0;32m  OK  [0m] Mounted Kernel Debug File System.
[[0;32m  OK  [0m] Started Remount Root and Kernel File Systems.
[[0;32m  OK  [0m] Mounted Huge Pages File System.
[[0;32m  OK  [0m] Started Create list of required staâ€¦vice nodes for the current kernel.
[[0;32m  OK  [0m] Mounted POSIX Message Queue File System.
         Starting Create Static Device Nodes in /dev...
[   10.093119] Loading iSCSI transport class v2.0-870.
[   10.099120] iscsi: registered transport (tcp)
[   10.114090] iscsi: registered transport (iser)
         Starting Load/Save Random Seed...
[[0;32m  OK  [0m] Started Journal Service.
[[0;32m  OK  [0m] Started Load Kernel Modules.
[[0;32m  OK  [0m] Started udev Coldplug all Devices.
[[0;32m  OK  [0m] Started LVM2 metadata daemon.
         Mounting Kernel Configuration File System...
         Mounting FUSE Control File System...
         Starting Apply Kernel Variables...
         Starting Flush Journal to Persistent Storage...
[[0;32m  OK  [0m] Mounted Kernel Configuration File System.
[[0;32m  OK  [0m] Mounted FUSE Control File System.
[[0;32m  OK  [0m] Started Create Static Device Nodes in /dev.
         Starting udev Kernel Device Manager...
[[0;32m  OK  [0m] Started Load/Save Random Seed.
[[0;32m  OK  [0m] Started Monitoring of LVM2 mirrors,â€¦sing dmeventd or progress polling.
[[0;32m  OK  [0m] Reached target Local File Systems (Pre).
[[0;32m  OK  [0m] Reached target Local File Systems.
         Starting Commit a transient machine-id on disk...
         Starting AppArmor initialization...
         Starting ebtables ruleset management...
         Starting Set console font and keymap...
         Starting Tell Plymouth To Write Out Runtime Data...
[[0;32m  OK  [0m] Started udev Kernel Device Manager.
[[0;32m  OK  [0m] Started Apply Kernel Variables.
[[0;32m  OK  [0m] Started Dispatch Password Requests to Console Directory Watch.
[[0;32m  OK  [0m] Reached target Local Encrypted Volumes.
[[0;32m  OK  [0m] Started Set console font and keymap.
[[0;32m  OK  [0m] Started Tell Plymouth To Write Out Runtime Data.
[[0;32m  OK  [0m] Started Flush Journal to Persistent Storage.
[[0;32m  OK  [0m] Started Commit a transient machine-id on disk.
         Starting Create Volatile Files and Directories...
[[0;32m  OK  [0m] Started Create Volatile Files and Directories.
         Starting Update UTMP about System Boot/Shutdown...
[[0;32m  OK  [0m] Started ebtables ruleset management.
[[0;32m  OK  [0m] Started Update UTMP about System Boot/Shutdown.
[[0;32m  OK  [0m] Found device /dev/ttyS0.
[[0;32m  OK  [0m] Listening on Load/Save RF Kill Switch Status /dev/rfkill Watch.
[[0;32m  OK  [0m] Started AppArmor initialization.
         Starting Initial cloud-init job (pre-networking)...
         Starting Load AppArmor profiles managed internally by snapd...
[[0;32m  OK  [0m] Started Load AppArmor profiles managed internally by snapd.
[   13.249381] cloud-init[568]: Cloud-init v. 20.3-2-g371b392c-0ubuntu1~18.04.1 running 'init-local' at Wed, 16 Dec 2020 22:20:37 +0000. Up 12.79 seconds.
[[0;32m  OK  [0m] Started Initial cloud-init job (pre-networking).
[[0;32m  OK  [0m] Reached target Network (Pre).
         Starting Network Service...
[[0;32m  OK  [0m] Started Network Service.
         Starting Network Name Resolution...
         Starting Wait for Network to be Configured...
[[0;32m  OK  [0m] Started Network Name Resolution.
[[0;32m  OK  [0m] Reached target Host and Network Name Lookups.
[[0;32m  OK  [0m] Reached target Network.
[[0;32m  OK  [0m] Started Wait for Network to be Configured.
         Starting Initial cloud-init job (metadata service crawler)...
[   15.331449] cloud-init[728]: Cloud-init v. 20.3-2-g371b392c-0ubuntu1~18.04.1 running 'init' at Wed, 16 Dec 2020 22:20:39 +0000. Up 15.14 seconds.
[   15.332485] cloud-init[728]: ci-info: ++++++++++++++++++++++++++++++++++++++Net device info+++++++++++++++++++++++++++++++++++++++
[   15.333637] cloud-init[728]: ci-info: +--------+-------+----------------------------+---------------+--------+-------------------+
[   15.344159] cloud-init[728]: ci-info: | Device |   Up  |          Address           |      Mask     | Scope  |     Hw-Address    |
[   15.356148] cloud-init[728]: ci-info: +--------+-------+----------------------------+---------------+--------+-------------------+
[   15.368208] cloud-init[728]: ci-info: | enp0s3 |  True |         10.0.2.15          | 255.255.255.0 | global | 02:c6:b0:25:69:cb |
[   15.384468] cloud-init[728]: ci-info: | enp0s3 |  True | fe80::c6:b0ff:fe25:69cb/64 |       .       |  link  | 02:c6:b0:25:69:cb |
[   15.400155] cloud-init[728]: ci-info: | enp0s8 | False |             .              |       .       |   .    | 08:00:27:dd:3c:19 |
[   15.401001] cloud-init[728]: ci-info: |   lo   |  True |         127.0.0.1          |   255.0.0.0   |  host  |         .         |
[   15.402087] cloud-init[728]: ci-info: |   lo   |  True |          ::1/128           |       .       |  host  |         .         |
[   15.412219] cloud-init[728]: ci-info: +--------+-------+----------------------------+---------------+--------+-------------------+
[   15.424242] cloud-init[728]: ci-info: ++++++++++++++++++++++++++++Route IPv4 info+++++++++++++++++++++++++++++
[   15.436525] cloud-init[728]: ci-info: +-------+-------------+----------+-----------------+-----------+-------+
[   15.437865] cloud-init[728]: ci-info: | Route | Destination | Gateway  |     Genmask     | Interface | Flags |
[   15.440055] cloud-init[728]: ci-info: +-------+-------------+----------+-----------------+-----------+-------+
[   15.452689] cloud-init[728]: ci-info: |   0   |   0.0.0.0   | 10.0.2.2 |     0.0.0.0     |   enp0s3  |   UG  |
[   15.464173] cloud-init[728]: ci-info: |   1   |   10.0.2.0  | 0.0.0.0  |  255.255.255.0  |   enp0s3  |   U   |
[   15.476217] cloud-init[728]: ci-info: |   2   |   10.0.2.2  | 0.0.0.0  | 255.255.255.255 |   enp0s3  |   UH  |
[   15.488165] cloud-init[728]: ci-info: +-------+-------------+----------+-----------------+-----------+-------+
[   15.489105] cloud-init[728]: ci-info: +++++++++++++++++++Route IPv6 info+++++++++++++++++++
[   15.489674] cloud-init[728]: ci-info: +-------+-------------+---------+-----------+-------+
[   15.490239] cloud-init[728]: ci-info: | Route | Destination | Gateway | Interface | Flags |
[   15.490910] cloud-init[728]: ci-info: +-------+-------------+---------+-----------+-------+
[   15.491869] cloud-init[728]: ci-info: |   1   |  fe80::/64  |    ::   |   enp0s3  |   U   |
[   15.504175] cloud-init[728]: ci-info: |   3   |    local    |    ::   |   enp0s3  |   U   |
[   15.516307] cloud-init[728]: ci-info: |   4   |   ff00::/8  |    ::   |   enp0s3  |   U   |
[   15.517413] cloud-init[728]: ci-info: +-------+-------------+---------+-----------+-------+
[   16.134274] cloud-init[728]: Generating public/private rsa key pair.
[   16.135315] cloud-init[728]: Your identification has been saved in /etc/ssh/ssh_host_rsa_key.
[   16.136574] cloud-init[728]: Your public key has been saved in /etc/ssh/ssh_host_rsa_key.pub.
[   16.137277] cloud-init[728]: The key fingerprint is:
[   16.137830] cloud-init[728]: SHA256:1JJ2KVOPaN991prtAXmkLi/jP3PntRReXHntuB9g0A8 root@ubuntu-bionic
[   16.138957] cloud-init[728]: The key's randomart image is:
[   16.148226] cloud-init[728]: +---[RSA 2048]----+
[   16.160561] cloud-init[728]: |          .      |
[   16.172620] cloud-init[728]: |         = +.   o|
[   16.184278] cloud-init[728]: |        X =..E o+|
[[0;32m  OK  [0m] Started Initial cloud-init job (metadata service crawler).
[[0;32m  OK  [0m] Reached target Network is Online.
[   16.202616] cloud-init[728]: |       + * ...*++|
         Starting Availability of block devices...
[[0;32m  OK  [0m] Reached target Remote File Systems (Pre).
[[0;32m  OK  [0m] Reached target Remote File Systems.
[[0;32m  OK  [0m] Reached target Cloud-config availability.
[[0;32m  OK  [0m] Reached target System Initialization.
[[0;32m  OK  [0m] Started Daily Cleanup of Temporary Directories.
[[0;32m  OK  [0m] Listening on D-Bus System Message Bus Socket.
[   16.234847] cloud-init[728]: |        S . .*o+B|
         Starting LXD - unix socket.
[[0;32m  OK  [0m] Listening on Open-iSCSI iscsid Socket.
[   16.273839] cloud-init[728]: |            o =Bo|
[   16.436182] cloud-init[728]: |           . .+=o|
[   16.453792] cloud-init[728]: |           ooo.+*|
[   16.454381] cloud-init[728]: |          ..+o+o=|
[   16.737087] cloud-init[728]: +----[SHA256]-----+
[   16.737655] cloud-init[728]: Generating public/private dsa key pair.
[   16.738344] cloud-init[728]: Your identification has been saved in /etc/ssh/ssh_host_dsa_key.
[[0;32m  OK  [0m] Started ACPI Events Check.
[[0;32m  OK  [0m] Reached target Paths.
[[0;32m  OK  [0m] Started Discard unused blocks once a week.
[[0;32m  OK  [0m] Started Message of the Day.
[[0;32m  OK  [0m] Started Daily apt download activities.
[[0;32m  OK  [0m] Started Daily apt upgrade and clean activities.
[[0;32m  OK  [0m] Listening on ACPID Listen Socket.
[[0;32m  OK  [0m] Reached target Timers.
         Starting Socket activation for snappy daemon.
[   17.134834] cloud-init[728]: Your public key has been saved in /etc/ssh/ssh_host_dsa_key.pub.
[[0;32m  OK  [0m] Listening on UUID daemon activation socket.
[   17.786610] cloud-init[728]: The key fingerprint is:
[[0;32m  OK  [0m] Started Availability of block devices.
[   17.801312] cloud-init[728]: SHA256:JHRYBLSKz+sq+D95flYUDkZheaS71cCO3pV3C2O6/kQ root@ubuntu-bionic
[[0;32m  OK  [0m] Listening on LXD - unix socket.
[[0;32m  OK  [0m] Listening on Socket activation for snappy daemon.
[   17.832961] cloud-init[728]: The key's randomart image is:
[   17.833728] cloud-init[728]: +---[DSA 1024]----+
[   17.834461] cloud-init[[0;32m  OK  [0m] Reached target Sockets.
[[0;32m  OK  [0m] Reached target Basic System.
[728]: |     .+*B+.      |
         Starting Login Service...
[   17.839139] cloud-init[728]: |     ..++oo      |
         Starting Dispatcher daemon for systemd-networkd...
[   17.841092] cloud-init[728]: |      o.o+o.     |
         Starting Snap Daemon...
[   17.853566] cloud-init[728]: |   . . o +oo .   |
[   17.865199] cloud-init[728]: |  . .   S.o +E. .|
[   17.876291] cloud-init[728]: |   o   . +..+.o..|
         Starting Pollinate to seed the pseudo random number generator...
[   17.892798] cloud-init[728]: |.   o.  o... . . |
[   17.904740] cloud-init[728]: |o   o.. o   o    |
         Starting LSB: automatic crash report generation...
[   17.905855] cloud-init[728]: | oo+++.o  .o..   |
[[0;32m  OK  [0m] Started Deferred execution scheduler.
[   17.932925] cloud-init[728]: +----[SHA256]-----+
[   17.933672]          Starting System Logging Service...
cloud-init[728]: Generating public/private ecdsa key pair.
         Starting Accounts Service...
[   17.942003] cloud-init[728]: Your identification has been saved in /etc/ssh/ssh_host_ecdsa_key.
[   17.961681] cloud-init[728]: Your public key has been saved in /etc/ssh/ssh_host_ecdsa_key.pub.
[   17.962607] cloud-init[728]: The key fingerprint is:
[   17.972369] cloud-init[728]: SHA256:2BH78XEA8Yrs7Tgv1AQzIGUsISs+AEQiuUNFfXD3nuo root@ubuntu-bionic
[   17.984980] cloud-init[728]: The key's randomart image is:
[   17.986322] cloud-init[728]: +---[ECDSA 256]---+
[   17.987023] cloud-init[728]: |*++o+==o..oo.    |
[   18.001177] cloud-init[728]: |=. o.+o.=o.. .   |
[   18.001663] cloud-init[728]: |+..  .. o+..o .  |
[   18.002353] cloud-init[728]: |=.     + +o+.o   |
[   18.020524] cloud-init[728]: | +    . Sooo.    |
[   18.021135] cloud-init[728]: |  .    ...o      |
[   18.021524] cloud-init[728]: |       ....      |
[   18.021997] cloud-init[728]: |        +o       |
[   18.022624] cloud-init[728]: |        .Eo      |
[   18.032260] cloud-init[728]: +----[SHA256]-----+
[   18.048167] cloud-init[728]: Generating public/private ed25519 key pair.
[   18.060400] cloud-init[728]: Your identification has been saved in /etc/ssh/ssh_host_ed25519_key.
[[0;32m  OK  [0m] Started irqbalance daemon.
[   18.077074] cloud-init[728]: Your public key has been saved in /etc/ssh/ssh_host_ed25519_key.pub.
[   18.078055] cloud-init[728]: The key fingerprint is:
         Starting LSB: Record successful boot for GRUB...
[   18.078775] cloud-init         Starting Virtualbox guest utils...
[[0;32m  OK  [0m] Started D-Bus System Message Bus.
[728]: SHA256:MQcsr0QCsE3LhLOi5Q/K5Zbc6pbS+WB2VU9IyKsIRpE root@ubuntu-bionic
[   18.122017] cloud-init[728]: The key's randomart image is:
[   18.122993] cloud-init[728]: +--[ED25519 256]--+
[   18.123561] cloud-init[728]: |.+*.  ..o.       |
[   18.132315] cloud-init[728]: |oE .. ooo..      |
[   18.132779] cloud-init[728]: |oo+  o o+o..     |
[   18.133244] cloud-init[728]: |oo.   ..o+o      |
[   18.140254] cloud-init[728]: |+o. ...oS  .     |
[   18.153052] cloud-init[728]: |. oo .o          |
[   18.192223] cloud-init[728]: |..=*=.           |
[   18.192996] cloud-init[728]: |.ooX+.           |
[   18.195613] cloud-init[728]: |  =oo.           |
[   18.196235] cloud-init[728]: +----[SHA256]-----+
[[0;32m  OK  [0m] Started Login Service.
[[0;32m  OK  [0m] Started Unattended Upgrades Shutdown.
[[0;32m  OK  [0m] Started FUSE filesystem for LXC.
         Starting Permit User Sessions...
[[0;32m  OK  [0m] Started Regular background program processing daemon.
         Starting LXD - container startup/shutdown...
[[0;32m  OK  [0m] Started System Logging Service.
[[0;32m  OK  [0m] Started Dispatcher daemon for systemd-networkd.
[[0;32m  OK  [0m] Started Permit User Sessions.
         Starting Authorization Manager...
         Starting Hold until boot process finishes up...
         Starting Terminate Plymouth Boot Screen...
[[0;32m  OK  [0m] Started Hold until boot process finishes up.
         Starting Set console scheme...
[[0;32m  OK  [0m] Started Serial Getty on ttyS0.
[[0;32m  OK  [0m] Started LSB: automatic crash report generation.
[[0;32m  OK  [0m] Started Terminate Plymouth Boot Screen.
[[0;32m  OK  [0m] Started LSB: Record successful boot for GRUB.
[[0;32m  OK  [0m] Started Set console scheme.
[[0;32m  OK  [0m] Started Authorization Manager.
[[0;32m  OK  [0m] Created slice system-getty.slice.
[[0;32m  OK  [0m] Started Getty on tty1.
[[0;32m  OK  [0m] Reached target Login Prompts.
[[0;32m  OK  [0m] Started Accounts Service.
[[0;32m  OK  [0m] Started LXD - container startup/shutdown.
[[0;32m  OK  [0m] Started Virtualbox guest utils.
[[0;32m  OK  [0m] Started Snap Daemon.
         Starting Wait until snapd is fully seeded...
[[0;32m  OK  [0m] Started Pollinate to seed the pseudo random number generator.
         Starting OpenBSD Secure Shell server...
[[0;32m  OK  [0m] Started OpenBSD Secure Shell server.
[[0;32m  OK  [0m] Created slice User Slice of vagrant.
         Starting User Manager for UID 1000...
[[0;32m  OK  [0m] Started Session 1 of user vagrant.
[[0;32m  OK  [0m] Started User Manager for UID 1000.
[[0;32m  OK  [0m] Started Wait until snapd is fully seeded.
         Starting Apply the settings specified in cloud-config...
[[0;32m  OK  [0m] Reached target Multi-User System.
[[0;32m  OK  [0m] Reached target Graphical Interface.
         Starting Update UTMP about System Runlevel Changes...
[[0;32m  OK  [0m] Started Update UTMP about System Runlevel Changes.
[   22.826950] cloud-init[1434]: Cloud-init v. 20.3-2-g371b392c-0ubuntu1~18.04.1 running 'modules:config' at Wed, 16 Dec 2020 22:20:46 +0000. Up 22.21 seconds.
[[0;32m  OK  [0m] Started Apply the settings specified in cloud-config.
         Starting Execute cloud user/final scripts...
ci-info: no authorized SSH keys fingerprints found for user ubuntu.
<14>Dec 16 22:20:48 ec2: 
<14>Dec 16 22:20:48 ec2: #############################################################
<14>Dec 16 22:20:48 ec2: -----BEGIN SSH HOST KEY FINGERPRINTS-----
<14>Dec 16 22:20:48 ec2: 1024 SHA256:JHRYBLSKz+sq+D95flYUDkZheaS71cCO3pV3C2O6/kQ root@ubuntu-bionic (DSA)
<14>Dec 16 22:20:48 ec2: 256 SHA256:2BH78XEA8Yrs7Tgv1AQzIGUsISs+AEQiuUNFfXD3nuo root@ubuntu-bionic (ECDSA)
<14>Dec 16 22:20:48 ec2: 256 SHA256:MQcsr0QCsE3LhLOi5Q/K5Zbc6pbS+WB2VU9IyKsIRpE root@ubuntu-bionic (ED25519)
<14>Dec 16 22:20:48 ec2: 2048 SHA256:1JJ2KVOPaN991prtAXmkLi/jP3PntRReXHntuB9g0A8 root@ubuntu-bionic (RSA)
<14>Dec 16 22:20:48 ec2: -----END SSH HOST KEY FINGERPRINTS-----
<14>Dec 16 22:20:48 ec2: #############################################################
-----BEGIN SSH HOST KEY KEYS-----
ecdsa-sha2-nistp256 AAAAE2VjZHNhLXNoYTItbmlzdHAyNTYAAAAIbmlzdHAyNTYAAABBBKZq3Fzx3yGJnKPCK7AR8inqK1Ut3eYdE4MWncRL8N4U8AjfQTfTWEtNNEbMqHQ2/gpqeMFXZNTaHybCDQ3bbQQ= root@ubuntu-bionic
ssh-ed25519 AAAAC3NzaC1lZDI1NTE5AAAAIFnVde+IT0CZjZCLHWDwc/gJKD1vx/o+lBi5YrMI9shY root@ubuntu-bionic
ssh-rsa AAAAB3NzaC1yc2EAAAADAQABAAABAQC/sIpPT/nyeSjaesbD/w1ksLaOKLmWsscZo4kCIg2fIcp5zmOyVQDYfDxJ/qJnNabKliW/oL1AtEC07IFj2ZNfEUn+tR+o9JzbcTQZkCosnaOBl+a69AxbfjyuCxXESvRmV23cU0je8y8Tl5EhDDet9g85UCzLBQ1s9PCFFihuK19+U9mkEn6w7t7Wzu6Dtwi9NTQHnOTmHuKX7DVaVepg7hnVn0pIBeEYBlF4l6FS+iD7LusvIsOKP2X1QReeUAzCBRPd4/EVDCMYVF9lcMKeG7NSxV1IsyQYkuJ13nG9MQ3ZRr7mJW0sVGvfazutdxGqfolcCGcTbBKfeIbomlsD root@ubuntu-bionic
-----END SSH HOST KEY KEYS-----
[   23.568329] cloud-init[1610]: Cloud-init v. 20.3-2-g371b392c-0ubuntu1~18.04.1 running 'modules:final' at Wed, 16 Dec 2020 22:20:47 +0000. Up 23.34 seconds.
[   23.568779] cloud-init[1610]: ci-info: no authorized SSH keys fingerprints found for user ubuntu.
[   23.568942] cloud-init[1610]: Cloud-init v. 20.3-2-g371b392c-0ubuntu1~18.04.1 finished at Wed, 16 Dec 2020 22:20:48 +0000. Datasource DataSourceNoCloud [seed=/dev/sdb][dsmode=net].  Up 23.55 seconds

Ubuntu 18.04.5 LTS ubuntu-bionic ttyS0

ubuntu-bionic login: 